\BOOKMARK [1][-]{section.1}{\376\377\000I\000n\000t\000r\000o\000d\000u\000c\000t\000i\000o\000n}{}% 1
\BOOKMARK [2][-]{subsection.1.1}{\376\377\000R\000e\000s\000e\000a\000r\000c\000h\000\040\000q\000u\000e\000s\000t\000i\000o\000n\000s}{section.1}% 2
\BOOKMARK [2][-]{subsection.1.2}{\376\377\000A\000p\000p\000r\000o\000a\000c\000h}{section.1}% 3
\BOOKMARK [2][-]{subsection.1.3}{\376\377\000H\000e\000a\000d\000l\000i\000n\000e\000\040\000f\000i\000n\000d\000i\000n\000g\000s}{section.1}% 4
\BOOKMARK [2][-]{subsection.1.4}{\376\377\000C\000o\000n\000t\000r\000i\000b\000u\000t\000i\000o\000n\000s}{section.1}% 5
\BOOKMARK [2][-]{subsection.1.5}{\376\377\000P\000a\000p\000e\000r\000\040\000s\000t\000r\000u\000c\000t\000u\000r\000e}{section.1}% 6
\BOOKMARK [1][-]{section.2}{\376\377\000B\000a\000c\000k\000g\000r\000o\000u\000n\000d}{}% 7
\BOOKMARK [2][-]{subsection.2.1}{\376\377\000T\000a\000x\000o\000n\000o\000m\000y\000\040\000o\000f\000\040\000f\000o\000r\000e\000c\000a\000s\000t\000i\000n\000g\000\040\000a\000p\000p\000r\000o\000a\000c\000h\000e\000s}{section.2}% 8
\BOOKMARK [2][-]{subsection.2.2}{\376\377\000E\000x\000i\000s\000t\000i\000n\000g\000\040\000b\000e\000n\000c\000h\000m\000a\000r\000k\000s}{section.2}% 9
\BOOKMARK [2][-]{subsection.2.3}{\376\377\000M\000e\000t\000a\000-\000a\000n\000a\000l\000y\000s\000e\000s\000\040\000i\000n\000\040\000f\000o\000r\000e\000c\000a\000s\000t\000i\000n\000g}{section.2}% 10
\BOOKMARK [1][-]{section.3}{\376\377\000M\000e\000t\000h\000o\000d\000o\000l\000o\000g\000y}{}% 11
\BOOKMARK [2][-]{subsection.3.1}{\376\377\000S\000e\000a\000r\000c\000h\000\040\000p\000r\000o\000t\000o\000c\000o\000l\000\040\000\050\000P\000R\000I\000S\000M\000A\000\051}{section.3}% 12
\BOOKMARK [2][-]{subsection.3.2}{\376\377\000D\000a\000t\000a\000\040\000e\000x\000t\000r\000a\000c\000t\000i\000o\000n\000\040\000\050\000S\000o\000u\000r\000c\000e\000\040\000A\000\051}{section.3}% 13
\BOOKMARK [2][-]{subsection.3.3}{\376\377\000G\000a\000p\000-\000f\000i\000l\000l\000i\000n\000g\000\040\000e\000x\000p\000e\000r\000i\000m\000e\000n\000t\000s\000\040\000\050\000S\000o\000u\000r\000c\000e\000\040\000B\000\051}{section.3}% 14
\BOOKMARK [2][-]{subsection.3.4}{\376\377\000M\000e\000t\000a\000-\000r\000e\000g\000r\000e\000s\000s\000i\000o\000n\000\040\000s\000p\000e\000c\000i\000f\000i\000c\000a\000t\000i\000o\000n}{section.3}% 15
\BOOKMARK [1][-]{section.4}{\376\377\000L\000i\000t\000e\000r\000a\000t\000u\000r\000e\000\040\000R\000e\000s\000u\000l\000t\000s}{}% 16
\BOOKMARK [2][-]{subsection.4.1}{\376\377\000P\000R\000I\000S\000M\000A\000\040\000f\000l\000o\000w}{section.4}% 17
\BOOKMARK [2][-]{subsection.4.2}{\376\377\000D\000e\000s\000c\000r\000i\000p\000t\000i\000v\000e\000\040\000s\000t\000a\000t\000i\000s\000t\000i\000c\000s}{section.4}% 18
\BOOKMARK [2][-]{subsection.4.3}{\376\377\000N\000a\000r\000r\000a\000t\000i\000v\000e\000\040\000s\000y\000n\000t\000h\000e\000s\000i\000s\000\040\000b\000y\000\040\000m\000o\000d\000e\000l\000\040\000f\000a\000m\000i\000l\000y}{section.4}% 19
\BOOKMARK [2][-]{subsection.4.4}{\376\377\000S\000t\000r\000u\000c\000t\000u\000r\000a\000l\000\040\000f\000i\000n\000d\000i\000n\000g\000:\000\040\000n\000o\000\040\000w\000i\000t\000h\000i\000n\000-\000p\000a\000p\000e\000r\000\040\000F\000M\000-\000v\000s\000-\000M\000L\000\137\000T\000R\000E\000E\000\040\000p\000a\000i\000r\000i\000n\000g\000\040\000i\000n\000\040\000t\000h\000e\000\040\000r\000e\000t\000a\000i\000l\000\040\000l\000i\000t\000e\000r\000a\000t\000u\000r\000e}{section.4}% 20
\BOOKMARK [1][-]{section.5}{\376\377\000G\000a\000p\000-\000F\000i\000l\000l\000i\000n\000g\000\040\000E\000x\000p\000e\000r\000i\000m\000e\000n\000t\000s}{}% 21
\BOOKMARK [2][-]{subsection.5.1}{\376\377\000E\000x\000p\000e\000r\000i\000m\000e\000n\000t\000a\000l\000\040\000S\000e\000t\000u\000p}{section.5}% 22
\BOOKMARK [3][-]{subsubsection.5.1.1}{\376\377\000D\000a\000t\000a\000s\000e\000t\000s}{subsection.5.1}% 23
\BOOKMARK [3][-]{subsubsection.5.1.2}{\376\377\000C\000o\000m\000p\000u\000t\000e\000\040\000a\000n\000d\000\040\000T\000r\000a\000c\000k\000i\000n\000g}{subsection.5.1}% 24
\BOOKMARK [3][-]{subsubsection.5.1.3}{\376\377\000E\000v\000a\000l\000u\000a\000t\000i\000o\000n\000\040\000P\000r\000o\000t\000o\000c\000o\000l}{subsection.5.1}% 25
\BOOKMARK [3][-]{subsubsection.5.1.4}{\376\377\000M\000o\000d\000e\000l\000\040\000F\000a\000m\000i\000l\000i\000e\000s}{subsection.5.1}% 26
\BOOKMARK [3][-]{subsubsection.5.1.5}{\376\377\000R\000e\000p\000r\000o\000d\000u\000c\000i\000b\000i\000l\000i\000t\000y}{subsection.5.1}% 27
\BOOKMARK [2][-]{subsection.5.2}{\376\377\000G\000a\000p\000-\000F\000i\000l\000l\000i\000n\000g\000\040\000R\000e\000s\000u\000l\000t\000s}{section.5}% 28
\BOOKMARK [3][-]{subsubsection.5.2.1}{\376\377\000C\000r\000o\000s\000s\000-\000D\000a\000t\000a\000s\000e\000t\000\040\000S\000u\000m\000m\000a\000r\000y}{subsection.5.2}% 29
\BOOKMARK [3][-]{subsubsection.5.2.2}{\376\377\000P\000e\000r\000-\000D\000a\000t\000a\000s\000e\000t\000\040\000B\000a\000s\000e\000l\000i\000n\000e\000\040\000T\000a\000b\000l\000e\000s}{subsection.5.2}% 30
\BOOKMARK [3][-]{subsubsection.5.2.3}{\376\377\000C\000o\000s\000t\000\040\000a\000n\000d\000\040\000C\000o\000m\000p\000u\000t\000e\000\040\000E\000n\000v\000e\000l\000o\000p\000e}{subsection.5.2}% 31
\BOOKMARK [3][-]{subsubsection.5.2.4}{\376\377\000F\000o\000u\000n\000d\000a\000t\000i\000o\000n\000\040\000M\000o\000d\000e\000l\000\040\000R\000e\000s\000u\000l\000t\000s}{subsection.5.2}% 32
\BOOKMARK [2][-]{subsection.5.3}{\376\377\000B\000a\000s\000e\000l\000i\000n\000e\000\040\000R\000e\000l\000i\000a\000b\000i\000l\000i\000t\000y\000:\000\040\000W\000h\000a\000t\000\040\000I\000s\000\040\000a\000\040\000F\000a\000i\000r\000\040\000L\000i\000g\000h\000t\000G\000B\000M\000\040\000o\000n\000\040\000R\000e\000t\000a\000i\000l\000\040\000D\000e\000m\000a\000n\000d\000\040\000F\000o\000r\000e\000c\000a\000s\000t\000i\000n\000g\000?}{section.5}% 33
\BOOKMARK [3][-]{subsubsection.5.3.1}{\376\377\000R\000e\000s\000u\000l\000t\000s}{subsection.5.3}% 34
\BOOKMARK [3][-]{subsubsection.5.3.2}{\376\377\000D\000i\000r\000e\000c\000t\000\040\000v\000s\000\040\000R\000e\000c\000u\000r\000s\000i\000v\000e\000:\000\040\000a\000\040\0001\0004\000\045\000\040\000w\000r\000m\000s\000s\000e\000\040\000G\000a\000p\000\040\000w\000i\000t\000h\000\040\000t\000h\000e\000\040\000S\000a\000m\000e\000\040\000M\000o\000d\000e\000l}{subsection.5.3}% 35
\BOOKMARK [3][-]{subsubsection.5.3.3}{\376\377\000T\000h\000e\000\040\000D\000i\000s\000t\000a\000n\000c\000e\000\040\000B\000e\000t\000w\000e\000e\000n\000\040\000`\000`\000V\000a\000n\000i\000l\000l\000a\000\040\000L\000i\000g\000h\000t\000G\000B\000M\000'\000'\000\040\000a\000n\000d\000\040\000t\000h\000e\000\040\000M\0005\000\040\000W\000i\000n\000n\000e\000r}{subsection.5.3}% 36
\BOOKMARK [3][-]{subsubsection.5.3.4}{\376\377\000R\000o\000h\000l\000i\000k\000\040\000R\000e\000p\000l\000i\000c\000a\000t\000i\000o\000n\000:\000\040\000D\000o\000e\000s\000\040\000t\000h\000e\000\040\000P\000r\000o\000t\000o\000c\000o\000l\000\040\000G\000a\000p\000\040\000R\000e\000v\000e\000r\000s\000e\000\040\000o\000n\000\040\000C\000o\000n\000t\000i\000n\000u\000o\000u\000s\000\040\000D\000e\000m\000a\000n\000d\000?}{subsection.5.3}% 37
\BOOKMARK [3][-]{subsubsection.5.3.5}{\376\377\000F\000a\000v\000o\000r\000i\000t\000a\000\040\000R\000e\000p\000l\000i\000c\000a\000t\000i\000o\000n\000:\000\040\000t\000h\000e\000\040\000R\000e\000c\000u\000r\000s\000i\000v\000e\000\040\000A\000d\000v\000a\000n\000t\000a\000g\000e\000\040\000G\000r\000o\000w\000s\000\040\000w\000i\000t\000h\000\040\000H\000o\000r\000i\000z\000o\000n}{subsection.5.3}% 38
\BOOKMARK [3][-]{subsubsection.5.3.6}{\376\377\000C\000r\000o\000s\000s\000-\000D\000a\000t\000a\000s\000e\000t\000\040\000S\000y\000n\000t\000h\000e\000s\000i\000s\000:\000\040\000t\000h\000e\000\040\000D\000i\000r\000e\000c\000t\000-\000v\000s\000-\000R\000e\000c\000u\000r\000s\000i\000v\000e\000\040\000G\000a\000p\000\040\000I\000s\000\040\000C\000o\000n\000d\000i\000t\000i\000o\000n\000a\000l\000\040\000o\000n\000\040\000I\000n\000t\000e\000r\000m\000i\000t\000t\000e\000n\000c\000y}{subsection.5.3}% 39
\BOOKMARK [3][-]{subsubsection.5.3.7}{\376\377\000M\000e\000t\000h\000o\000d\000\040\000N\000o\000t\000e\000\040\000a\000n\000d\000\040\000T\000h\000r\000e\000a\000t\000s\000\040\000t\000o\000\040\000V\000a\000l\000i\000d\000i\000t\000y}{subsection.5.3}% 40
\BOOKMARK [3][-]{subsubsection.5.3.8}{\376\377\000P\000r\000o\000t\000o\000c\000o\000l\000-\000C\000o\000n\000d\000i\000t\000i\000o\000n\000a\000l\000\040\000C\000o\000s\000t\000\040\000C\000o\000n\000s\000e\000q\000u\000e\000n\000c\000e\000s}{subsection.5.3}% 41
\BOOKMARK [3][-]{subsubsection.5.3.9}{\376\377\000T\000a\000k\000e\000a\000w\000a\000y\000s\000\040\000f\000o\000r\000\040\000t\000h\000e\000\040\000R\000e\000s\000t\000\040\000o\000f\000\040\000t\000h\000e\000\040\000P\000a\000p\000e\000r}{subsection.5.3}% 42
\BOOKMARK [2][-]{subsection.5.4}{\376\377\000F\000o\000u\000n\000d\000a\000t\000i\000o\000n\000\040\000M\000o\000d\000e\000l\000\040\000P\000r\000o\000t\000o\000c\000o\000l}{section.5}% 43
\BOOKMARK [3][-]{subsubsection.5.4.1}{\376\377\000S\000c\000o\000p\000e\000\040\000a\000n\000d\000\040\000T\000w\000o\000-\000S\000o\000u\000r\000c\000e\000\040\000S\000t\000r\000a\000t\000e\000g\000y}{subsection.5.4}% 44
\BOOKMARK [3][-]{subsubsection.5.4.2}{\376\377\000L\000i\000t\000e\000r\000a\000t\000u\000r\000e\000-\000E\000x\000t\000r\000a\000c\000t\000i\000o\000n\000\040\000P\000r\000o\000t\000o\000c\000o\000l\000\040\000\050\000S\000o\000u\000r\000c\000e\000\040\000A\000\051}{subsection.5.4}% 45
\BOOKMARK [3][-]{subsubsection.5.4.3}{\376\377\000L\000o\000c\000a\000l\000\040\000C\000o\000n\000s\000u\000m\000e\000r\000-\000B\000o\000x\000\040\000P\000r\000o\000t\000o\000c\000o\000l\000\040\000\050\000S\000o\000u\000r\000c\000e\000\040\000B\000\051}{subsection.5.4}% 46
\BOOKMARK [3][-]{subsubsection.5.4.4}{\376\377\000E\000v\000a\000l\000u\000a\000t\000i\000o\000n\000,\000\040\000M\000e\000t\000r\000i\000c\000s\000,\000\040\000a\000n\000d\000\040\000F\000i\000l\000t\000e\000r\000i\000n\000g}{subsection.5.4}% 47
\BOOKMARK [3][-]{subsubsection.5.4.5}{\376\377\000C\000o\000n\000s\000u\000m\000e\000r\000-\000B\000o\000x\000\040\000R\000u\000n\000:\000\040\000R\000e\000s\000u\000l\000t\000s}{subsection.5.4}% 48
\BOOKMARK [3][-]{subsubsection.5.4.6}{\376\377\000R\000e\000p\000r\000o\000d\000u\000c\000i\000b\000i\000l\000i\000t\000y\000\040\000a\000n\000d\000\040\000L\000i\000c\000e\000n\000s\000i\000n\000g\000\040\000N\000o\000t\000e\000s}{subsection.5.4}% 49
\BOOKMARK [3][-]{subsubsection.5.4.7}{\376\377\000T\000a\000b\000l\000e\000\040\0005\000.\0009\000:\000\040\000C\000r\000o\000s\000s\000-\000M\000o\000d\000e\000l\000\040\000w\000a\000p\000e\000\040\000o\000n\000\040\000t\000h\000e\000\040\000T\000h\000r\000e\000e\000\040\000R\000e\000t\000a\000i\000l\000\040\000D\000a\000t\000a\000s\000e\000t\000s}{subsection.5.4}% 50
\BOOKMARK [3][-]{subsubsection.5.4.8}{\376\377\000T\000h\000r\000e\000a\000t\000s\000\040\000t\000o\000\040\000V\000a\000l\000i\000d\000i\000t\000y}{subsection.5.4}% 51
\BOOKMARK [1][-]{section.6}{\376\377\000M\000e\000t\000a\000-\000A\000n\000a\000l\000y\000s\000i\000s}{}% 52
\BOOKMARK [2][-]{subsection.6.1}{\376\377\000P\000o\000o\000l\000i\000n\000g\000\040\000s\000t\000r\000a\000t\000e\000g\000y\000\040\000a\000n\000d\000\040\000e\000f\000f\000e\000c\000t\000\040\000s\000i\000z\000e}{section.6}% 53
\BOOKMARK [2][-]{subsection.6.2}{\376\377\000M\000o\000d\000e\000r\000a\000t\000o\000r\000\040\000v\000a\000r\000i\000a\000b\000l\000e\000s}{section.6}% 54
\BOOKMARK [2][-]{subsection.6.3}{\376\377\000F\000o\000r\000e\000s\000t\000\040\000p\000l\000o\000t\000s\000\040\000b\000y\000\040\000b\000e\000n\000c\000h\000m\000a\000r\000k\000\040\000x\000\040\000h\000o\000r\000i\000z\000o\000n}{section.6}% 55
\BOOKMARK [2][-]{subsection.6.4}{\376\377\000T\000h\000e\000\040\000i\000n\000t\000e\000r\000m\000i\000t\000t\000e\000n\000c\000y\000\040\000x\000\040\000p\000r\000o\000t\000o\000c\000o\000l\000\040\000i\000n\000t\000e\000r\000a\000c\000t\000i\000o\000n}{section.6}% 56
\BOOKMARK [2][-]{subsection.6.5}{\376\377\000C\000o\000s\000t\000-\000a\000c\000c\000u\000r\000a\000c\000y\000\040\000P\000a\000r\000e\000t\000o\000\040\000f\000r\000o\000n\000t\000i\000e\000r}{section.6}% 57
\BOOKMARK [2][-]{subsection.6.6}{\376\377\000H\000e\000t\000e\000r\000o\000g\000e\000n\000e\000i\000t\000y\000,\000\040\000t\000h\000r\000e\000a\000t\000s\000,\000\040\000a\000n\000d\000\040\000d\000i\000s\000a\000g\000r\000e\000e\000m\000e\000n\000t\000\040\000w\000i\000t\000h\000\040\000t\000h\000e\000\040\000e\000x\000t\000r\000a\000c\000t\000i\000o\000n}{section.6}% 58
\BOOKMARK [2][-]{subsection.6.7}{\376\377\000C\000r\000o\000s\000s\000-\000p\000a\000p\000e\000r\000\040\000p\000o\000o\000l\000e\000d\000\040\000r\000e\000s\000u\000l\000t\000s}{section.6}% 59
\BOOKMARK [3][-]{subsubsection.6.7.1}{\376\377\000W\000i\000t\000h\000i\000n\000-\000p\000a\000p\000e\000r\000\040\000p\000a\000i\000r\000e\000d\000\040\000c\000e\000l\000l\000s\000\040\000\050\000S\000o\000u\000r\000c\000e\000\040\000B\000\051}{subsection.6.7}% 60
\BOOKMARK [3][-]{subsubsection.6.7.2}{\376\377\000F\000u\000l\000l\000-\000p\000o\000o\000l\000\040\000i\000n\000t\000e\000r\000c\000e\000p\000t}{subsection.6.7}% 61
\BOOKMARK [3][-]{subsubsection.6.7.3}{\376\377\000E\000x\000c\000l\000u\000d\000i\000n\000g\000\040\000M\0005\000\040\000\050\000s\000e\000n\000s\000i\000t\000i\000v\000i\000t\000y\000\051}{subsection.6.7}% 62
\BOOKMARK [3][-]{subsubsection.6.7.4}{\376\377\000H\000o\000r\000i\000z\000o\000n\000\040\000m\000o\000d\000e\000r\000a\000t\000o\000r}{subsection.6.7}% 63
\BOOKMARK [3][-]{subsubsection.6.7.5}{\376\377\000C\000r\000o\000s\000s\000-\000p\000a\000p\000e\000r\000\040\000p\000o\000o\000l\000e\000d\000\040\000\040\000\050\000p\000r\000i\000m\000a\000r\000y\000\051}{subsection.6.7}% 64
\BOOKMARK [3][-]{subsubsection.6.7.6}{\376\377\000E\000x\000c\000l\000-\000M\0005\000\040\000c\000r\000o\000s\000s\000-\000p\000a\000p\000e\000r\000\040\000s\000e\000n\000s\000i\000t\000i\000v\000i\000t\000y}{subsection.6.7}% 65
\BOOKMARK [3][-]{subsubsection.6.7.7}{\376\377\000W\000h\000y\000\040\000t\000h\000e\000\040\000c\000r\000o\000s\000s\000-\000p\000a\000p\000e\000r\000\040\000p\000o\000o\000l\000\040\000w\000e\000a\000k\000e\000n\000s\000\040\000t\000h\000e\000\040\000f\000u\000l\000l\000-\000p\000o\000o\000l\000\040\000h\000e\000a\000d\000l\000i\000n\000e}{subsection.6.7}% 66
\BOOKMARK [2][-]{subsection.6.8}{\376\377\000M\000o\000d\000e\000r\000a\000t\000o\000r\000\040\000h\000y\000p\000o\000t\000h\000e\000s\000e\000s\000\040\000a\000n\000d\000\040\000o\000u\000t\000c\000o\000m\000e\000s}{section.6}% 67
\BOOKMARK [1][-]{section.7}{\376\377\000D\000e\000c\000i\000s\000i\000o\000n\000\040\000F\000r\000a\000m\000e\000w\000o\000r\000k}{}% 68
\BOOKMARK [2][-]{subsection.7.1}{\376\377\000T\000h\000e\000\040\000d\000e\000c\000i\000s\000i\000o\000n\000\040\000t\000r\000e\000e}{section.7}% 69
\BOOKMARK [2][-]{subsection.7.2}{\376\377\000C\000o\000s\000t\000\040\000t\000h\000r\000e\000s\000h\000o\000l\000d\000s}{section.7}% 70
\BOOKMARK [2][-]{subsection.7.3}{\376\377\000R\000e\000c\000o\000m\000m\000e\000n\000d\000a\000t\000i\000o\000n\000s\000\040\000b\000y\000\040\000r\000o\000l\000e}{section.7}% 71
\BOOKMARK [1][-]{section.8}{\376\377\000D\000i\000s\000c\000u\000s\000s\000i\000o\000n}{}% 72
\BOOKMARK [2][-]{subsection.8.1}{\376\377\000D\000a\000t\000a\000\040\000l\000e\000a\000k\000a\000g\000e\000:\000\040\000t\000h\000e\000\040\000e\000l\000e\000p\000h\000a\000n\000t\000\040\000i\000n\000\040\000F\000M\000\040\000e\000v\000a\000l\000u\000a\000t\000i\000o\000n}{section.8}% 73
\BOOKMARK [2][-]{subsection.8.2}{\376\377\000T\000h\000e\000\040\000c\000o\000v\000a\000r\000i\000a\000t\000e\000\040\000g\000a\000p}{section.8}% 74
\BOOKMARK [2][-]{subsection.8.3}{\376\377\000P\000e\000r\000-\000s\000e\000r\000i\000e\000s\000\040\000v\000s\000\040\000a\000g\000g\000r\000e\000g\000a\000t\000e\000\040\000W\000A\000P\000E}{section.8}% 75
\BOOKMARK [2][-]{subsection.8.4}{\376\377\000L\000i\000m\000i\000t\000a\000t\000i\000o\000n\000s}{section.8}% 76
\BOOKMARK [2][-]{subsection.8.5}{\376\377\000G\000e\000n\000e\000r\000a\000l\000i\000s\000a\000b\000i\000l\000i\000t\000y\000\040\000b\000e\000y\000o\000n\000d\000\040\000r\000e\000t\000a\000i\000l}{section.8}% 77
\BOOKMARK [1][-]{section.9}{\376\377\000C\000o\000n\000c\000l\000u\000s\000i\000o\000n\000s}{}% 78
\BOOKMARK [2][-]{subsection.9.1}{\376\377\000A\000n\000s\000w\000e\000r\000s\000\040\000t\000o\000\040\000t\000h\000e\000\040\000r\000e\000s\000e\000a\000r\000c\000h\000\040\000q\000u\000e\000s\000t\000i\000o\000n\000s}{section.9}% 79
\BOOKMARK [2][-]{subsection.9.2}{\376\377\000F\000u\000t\000u\000r\000e\000\040\000w\000o\000r\000k}{section.9}% 80
\BOOKMARK [1][-]{appendix.A}{\376\377\000P\000R\000I\000S\000M\000A\000\040\0002\0000\0002\0000\000\040\000C\000h\000e\000c\000k\000l\000i\000s\000t}{}% 81
\BOOKMARK [1][-]{appendix.B}{\376\377\000S\000e\000a\000r\000c\000h\000\040\000P\000r\000o\000t\000o\000c\000o\000l}{}% 82
\BOOKMARK [2][-]{subsection.B.1}{\376\377\000R\000e\000s\000e\000a\000r\000c\000h\000\040\000Q\000u\000e\000s\000t\000i\000o\000n\000s}{appendix.B}% 83
\BOOKMARK [2][-]{subsection.B.2}{\376\377\000D\000a\000t\000a\000b\000a\000s\000e\000s}{appendix.B}% 84
\BOOKMARK [2][-]{subsection.B.3}{\376\377\000P\000r\000i\000m\000a\000r\000y\000\040\000S\000e\000a\000r\000c\000h\000\040\000Q\000u\000e\000r\000y}{appendix.B}% 85
\BOOKMARK [2][-]{subsection.B.4}{\376\377\000D\000a\000t\000e\000\040\000R\000a\000n\000g\000e}{appendix.B}% 86
\BOOKMARK [2][-]{subsection.B.5}{\376\377\000I\000n\000c\000l\000u\000s\000i\000o\000n\000\040\000C\000r\000i\000t\000e\000r\000i\000a}{appendix.B}% 87
\BOOKMARK [2][-]{subsection.B.6}{\376\377\000E\000x\000c\000l\000u\000s\000i\000o\000n\000\040\000C\000r\000i\000t\000e\000r\000i\000a}{appendix.B}% 88
\BOOKMARK [2][-]{subsection.B.7}{\376\377\000S\000e\000a\000r\000c\000h\000\040\000E\000x\000e\000c\000u\000t\000i\000o\000n\000\040\000L\000o\000g}{appendix.B}% 89
\BOOKMARK [2][-]{subsection.B.8}{\376\377\000P\000R\000I\000S\000M\000A\000\040\000F\000l\000o\000w\000\040\000S\000u\000m\000m\000a\000r\000y}{appendix.B}% 90
\BOOKMARK [1][-]{appendix.C}{\376\377\000P\000e\000r\000-\000S\000e\000r\000i\000e\000s\000\040\000M\000e\000t\000r\000i\000c\000\040\000D\000i\000s\000t\000r\000i\000b\000u\000t\000i\000o\000n\000s}{}% 91
\BOOKMARK [2][-]{subsection.C.1}{\376\377\000B\000o\000o\000t\000s\000t\000r\000a\000p\000\040\000S\000t\000a\000n\000d\000a\000r\000d\000\040\000E\000r\000r\000o\000r\000s\000\040\000f\000o\000r\000\040\000S\000o\000u\000r\000c\000e\000\040\000B\000\040\000F\000M\000\040\000C\000e\000l\000l\000s}{appendix.C}% 92
\BOOKMARK [2][-]{subsection.C.2}{\376\377\000M\0005\000\040\000P\000e\000r\000-\000S\000e\000r\000i\000e\000s\000\040\000w\000a\000p\000e\000\040\000T\000a\000i\000l\000\040\000A\000n\000a\000l\000y\000s\000i\000s}{appendix.C}% 93
\BOOKMARK [1][-]{appendix.D}{\376\377\000S\000e\000n\000s\000i\000t\000i\000v\000i\000t\000y\000\040\000A\000n\000a\000l\000y\000s\000e\000s}{}% 94
\BOOKMARK [2][-]{subsection.D.1}{\376\377\000F\000u\000l\000l\000\040\000C\000r\000o\000s\000s\000-\000P\000a\000p\000e\000r\000\040\000P\000o\000o\000l\000\040\000\050\000k\000\040\000=\000\040\0001\0000\000\051}{appendix.D}% 95
\BOOKMARK [2][-]{subsection.D.2}{\376\377\000E\000x\000c\000l\000u\000d\000i\000n\000g\000\040\000M\0005\000\040\000w\000a\000p\000e\000\040\000\050\000k\000\040\000=\000\040\0006\000\051}{appendix.D}% 96
\BOOKMARK [2][-]{subsection.D.3}{\376\377\000W\000i\000t\000h\000i\000n\000-\000P\000a\000p\000e\000r\000\040\000O\000n\000l\000y\000\040\040\024\000\040\000S\000o\000u\000r\000c\000e\000\040\000B\000\040\000\050\000k\000\040\000=\000\040\0009\000\051}{appendix.D}% 97
\BOOKMARK [2][-]{subsection.D.4}{\376\377\000S\000u\000m\000m\000a\000r\000y\000\040\000A\000c\000r\000o\000s\000s\000\040\000S\000e\000n\000s\000i\000t\000i\000v\000i\000t\000y\000\040\000V\000a\000r\000i\000a\000n\000t\000s}{appendix.D}% 98
\BOOKMARK [1][-]{appendix.E}{\376\377\000E\000x\000t\000r\000a\000c\000t\000i\000o\000n\000\040\000T\000a\000b\000l\000e\000\040\000\050\000A\000b\000b\000r\000e\000v\000i\000a\000t\000e\000d\000\051}{}% 99
\BOOKMARK [2][-]{subsection.E.1}{\376\377\000C\000o\000l\000u\000m\000n\000\040\000D\000e\000f\000i\000n\000i\000t\000i\000o\000n\000s}{appendix.E}% 100
\BOOKMARK [2][-]{subsection.E.2}{\376\377\000R\000o\000w\000\040\000C\000o\000u\000n\000t\000s\000\040\000b\000y\000\040\000C\000a\000t\000e\000g\000o\000r\000y}{appendix.E}% 101
\BOOKMARK [2][-]{subsection.E.3}{\376\377\000S\000o\000u\000r\000c\000e\000\040\000A\000\040\000v\000s\000\040\000S\000o\000u\000r\000c\000e\000\040\000B}{appendix.E}% 102
\BOOKMARK [1][-]{appendix.F}{\376\377\000T\000h\000r\000e\000a\000t\000s\000\040\000t\000o\000\040\000V\000a\000l\000i\000d\000i\000t\000y}{}% 103
